// Jest Snapshot v1, https://goo.gl/fbAQLP

exports[`Login Snapshot renders correctly 1`] = `
<nav
  aria-label="Page navigation"
>
  <ul
    className="pagination"
  >
    
    <li
      className="page-item"
      id="page-1"
      onClick={[Function]}
    >
      <a
        className="page-link"
      >
        1
      </a>
    </li>
    
  </ul>
</nav>
`;
